Copyright 1986-2022 Xilinx, Inc. All Rights Reserved. Copyright 2022-2025 Advanced Micro Devices, Inc. All Rights Reserved.
-----------------------------------------------------------------------------------------------------------------------------------------------------------------------------------
| Tool Version      : Vivado v.2025.1 (win64) Build 6140274 Thu May 22 00:12:29 MDT 2025
| Date              : Tue Jul 29 21:01:47 2025
| Host              : legion-slim-5 running 64-bit major release  (build 9200)
| Command           : report_bus_skew -warn_on_violation -file mdesign_wrapper_bus_skew_routed.rpt -pb mdesign_wrapper_bus_skew_routed.pb -rpx mdesign_wrapper_bus_skew_routed.rpx
| Design            : mdesign_wrapper
| Device            : xczu1cg-sbva484
| Speed File        : -1  PRODUCTION 1.30 03-25-2022
| Design State      : Routed
| Temperature Grade : E
-----------------------------------------------------------------------------------------------------------------------------------------------------------------------------------

Bus Skew Report

No bus skew constraints

