#-----------------------------------------------------------
# Vivado v2025.1 (64-bit)
# SW Build 6140274 on Wed May 21 22:58:25 MDT 2025
# IP Build 6138677 on Thu May 22 03:10:11 MDT 2025
# SharedData Build 6139179 on Tue May 20 17:58:58 MDT 2025
# Start of session at: Sat Aug  2 17:39:47 2025
# Process ID         : 16981
# Current directory  : /home/kai/projects/amd/zuboard/test_project.runs/impl_1
# Command line       : vivado -log mdesign_wrapper.vdi -applog -product Vivado -messageDb vivado.pb -mode batch -source mdesign_wrapper.tcl -notrace
# Log file           : /home/kai/projects/amd/zuboard/test_project.runs/impl_1/mdesign_wrapper.vdi
# Journal file       : /home/kai/projects/amd/zuboard/test_project.runs/impl_1/vivado.jou
# Running On         : kbuntu
# Platform           : Ubuntu
# Operating System   : Ubuntu 24.04.2 LTS
# Processor Detail   : AMD Ryzen 7 7840HS with Radeon 780M Graphics
# CPU Frequency      : 2398.387 MHz
# CPU Physical cores : 8
# CPU Logical cores  : 16
# Host memory        : 32792 MB
# Swap memory        : 536 MB
# Total Virtual      : 33329 MB
# Available Virtual  : 23210 MB
#-----------------------------------------------------------
source mdesign_wrapper.tcl -notrace
